python : INFO:app.services.websock
et_manager:Enhanced WebSocket 
Manager initialized
At line:1 char:1
+ python -m pytest tests/test_pres
criptions.py::test_create_prescrip
tio ...
+ ~~~~~~~~~~~~~~~~~~~~~~~~~~~~~~~~
~~~~~~~~~~~~~~~~~~~~~~~~~~~~~~~~~~
~~~
    + CategoryInfo          : Not 
   Specified: (INFO:app.servic..  
  .ger initialized:String) [],    
 RemoteException
    + FullyQualifiedErrorId : Nat 
   iveCommandError
 
[WARNING] Wait time prediction model not found. Please train the model first.
[WARNING] Wait time prediction model not found. Please train the model first.
Security configuration error: 'charmap' codec can't encode character '\u2705' in position 0: character maps to <undefined>
[CORS] Configured for environment: development
[CORS] Allowed origins: 6 domains
============================= test session starts =============================
platform win32 -- Python 3.12.10, pytest-7.4.3, pluggy-1.6.0 -- C:\Users\armut\AppData\Local\Programs\Python\Python312\python.exe
cachedir: .pytest_cache
rootdir: C:\Users\armut\Documents\GitHub\1.1\backend
configfile: pytest.ini
plugins: anyio-3.7.1, asyncio-0.21.1, cov-4.1.0, mock-3.12.0
asyncio: mode=Mode.STRICT
collecting ... collected 1 item

INFO:app.routes.websocket_enhanced
:WebSocket heartbeat task started
tests/test_prescriptions.py::test_create_prescription_success 
============================================================
ERROR

=================================== ERRORS ====================================
_____________ ERROR at setup of test_create_prescription_success ______________

    @pytest.fixture(scope="module")
    def client():
        """Create a test client for the FastAPI app."""
        # Create all tables before running tests
        Base.metadata.create_all(bind=test_engine)
    
        # Override the database dependency
        def override_get_db():
            db = TestingSessionLocal()
            try:
                yield db
            finally:
                db.close()
    
        app.dependency_overrides[get_db] = override_get_db
    
>       with TestClient(app) as test_client:

tests\conftest.py:56: 
_ _ _ _ _ _ _ _ _ _ _ _ _ _ _ _ _ _ _ _ _ _ _ _ _ _ _ _ _ _ _ _ _ _ _ _ _ _ _ _
..\..\..\..\AppData\Local\Programs\Python\Python312\Lib\site-packages\starlette\testclient.py:694: in __enter__
    portal.call(self.wait_startup)
..\..\..\..\AppData\Local\Programs\Python\Python312\Lib\site-packages\anyio\from_thread.py:277: in call
    return cast(T_Retval, self.start_task_soon(func, *args).result())
..\..\..\..\AppData\Local\Programs\Python\Python312\Lib\concurrent\futures\_base.py:456: in result
    return self.__get_result()
..\..\..\..\AppData\Local\Programs\Python\Python312\Lib\concurrent\futures\_base.py:401: in __get_result
    raise self._exception
..\..\..\..\AppData\Local\Programs\Python\Python312\Lib\site-packages\anyio\from_thread.py:217: in _call_func
    retval = await retval
..\..\..\..\AppData\Local\Programs\Python\Python312\Lib\site-packages\starlette\testclient.py:729: in wait_startup
    await receive()
..\..\..\..\AppData\Local\Programs\Python\Python312\Lib\site-packages\starlette\testclient.py:720: in receive
    self.task.result()
..\..\..\..\AppData\Local\Programs\Python\Python312\Lib\concurrent\futures\_base.py:449: in result
    return self.__get_result()
..\..\..\..\AppData\Local\Programs\Python\Python312\Lib\concurrent\futures\_base.py:401: in __get_result
    raise self._exception
..\..\..\..\AppData\Local\Programs\Python\Python312\Lib\site-packages\anyio\from_thread.py:217: in _call_func
    retval = await retval
..\..\..\..\AppData\Local\Programs\Python\Python312\Lib\site-packages\starlette\testclient.py:710: in lifespan
    await self.app(scope, self.stream_receive.receive, self.stream_send.send)
..\..\..\..\AppData\Local\Programs\Python\Python312\Lib\site-packages\fastapi\applications.py:1133: in __call__
    await super().__call__(scope, receive, send)
..\..\..\..\AppData\Local\Programs\Python\Python312\Lib\site-packages\starlette\applications.py:113: in __call__
    await self.middleware_stack(scope, receive, send)
..\..\..\..\AppData\Local\Programs\Python\Python312\Lib\site-packages\starlette\middleware\errors.py:151: in __call__
    await self.app(scope, receive, send)
..\..\..\..\AppData\Local\Programs\Python\Python312\Lib\site-packages\starlette\middleware\base.py:103: in __call__
    await self.app(scope, receive, send)
..\..\..\..\AppData\Local\Programs\Python\Python312\Lib\site-packages\starlette\middleware\base.py:103: in __call__
    await self.app(scope, receive, send)
..\..\..\..\AppData\Local\Programs\Python\Python312\Lib\site-packages\starlette\middleware\base.py:103: in __call__
    await self.app(scope, receive, send)
..\..\..\..\AppData\Local\Programs\Python\Python312\Lib\site-packages\starlette\middleware\cors.py:77: in __call__
    await self.app(scope, receive, send)
..\..\..\..\AppData\Local\Programs\Python\Python312\Lib\site-packages\starlette\middleware\exceptions.py:49: in __call__
    await self.app(scope, receive, send)
..\..\..\..\AppData\Local\Programs\Python\Python312\Lib\site-packages\fastapi\middleware\asyncexitstack.py:18: in __call__
    await self.app(scope, receive, send)
..\..\..\..\AppData\Local\Programs\Python\Python312\Lib\site-packages\starlette\routing.py:716: in __call__
    await self.middleware_stack(scope, receive, send)
..\..\..\..\AppData\Local\Programs\Python\Python312\Lib\site-packages\starlette\routing.py:725: in app
    await self.lifespan(scope, receive, send)
..\..\..\..\AppData\Local\Programs\Python\Python312\Lib\site-packages\starlette\routing.py:694: in lifespan
    async with self.lifespan_context(app) as maybe_state:
..\..\..\..\AppData\Local\Programs\Python\Python312\Lib\contextlib.py:210: in __aenter__
    return await anext(self.gen)
..\..\..\..\AppData\Local\Programs\Python\Python312\Lib\site-packages\fastapi\routing.py:209: in merged_lifespan
    async with original_context(app) as maybe_original_state:
..\..\..\..\AppData\Local\Programs\Python\Python312\Lib\contextlib.py:210: in __aenter__
    return await anext(self.gen)
..\..\..\..\AppData\Local\Programs\Python\Python312\Lib\site-packages\fastapi\routing.py:209: in merged_lifespan
    async with original_context(app) as maybe_original_state:
..\..\..\..\AppData\Local\Programs\Python\Python312\Lib\contextlib.py:210: in __aenter__
    return await anext(self.gen)
..\..\..\..\AppData\Local\Programs\Python\Python312\Lib\site-packages\fastapi\routing.py:209: in merged_lifespan
    async with original_context(app) as maybe_original_state:
..\..\..\..\AppData\Local\Programs\Python\Python312\Lib\contextlib.py:210: in __aenter__
    return await anext(self.gen)
..\..\..\..\AppData\Local\Programs\Python\Python312\Lib\site-packages\fastapi\routing.py:209: in merged_lifespan
    async with original_context(app) as maybe_original_state:
..\..\..\..\AppData\Local\Programs\Python\Python312\Lib\contextlib.py:210: in __aenter__
    return await anext(self.gen)
..\..\..\..\AppData\Local\Programs\Python\Python312\Lib\site-packages\fastapi\routing.py:209: in merged_lifespan
    async with original_context(app) as maybe_original_state:
..\..\..\..\AppData\Local\Programs\Python\Python312\Lib\contextlib.py:210: in __aenter__
    return await anext(self.gen)
..\..\..\..\AppData\Local\Programs\Python\Python312\Lib\site-packages\fastapi\routing.py:209: in merged_lifespan
    async with original_context(app) as maybe_original_state:
..\..\..\..\AppData\Local\Programs\Python\Python312\Lib\contextlib.py:210: in __aenter__
    return await anext(self.gen)
..\..\..\..\AppData\Local\Programs\Python\Python312\Lib\site-packages\fastapi\routing.py:209: in merged_lifespan
    async with original_context(app) as maybe_original_state:
..\..\..\..\AppData\Local\Programs\Python\Python312\Lib\contextlib.py:210: in __aenter__
    return await anext(self.gen)
..\..\..\..\AppData\Local\Programs\Python\Python312\Lib\site-packages\fastapi\routing.py:209: in merged_lifespan
    async with original_context(app) as maybe_original_state:
..\..\..\..\AppData\Local\Programs\Python\Python312\Lib\contextlib.py:210: in __aenter__
    return await anext(self.gen)
..\..\..\..\AppData\Local\Programs\Python\Python312\Lib\site-packages\fastapi\routing.py:209: in merged_lifespan
    async with original_context(app) as maybe_original_state:
..\..\..\..\AppData\Local\Programs\Python\Python312\Lib\contextlib.py:210: in __aenter__
    return await anext(self.gen)
..\..\..\..\AppData\Local\Programs\Python\Python312\Lib\site-packages\fastapi\routing.py:209: in merged_lifespan
    async with original_context(app) as maybe_original_state:
..\..\..\..\AppData\Local\Programs\Python\Python312\Lib\contextlib.py:210: in __aenter__
    return await anext(self.gen)
..\..\..\..\AppData\Local\Programs\Python\Python312\Lib\site-packages\fastapi\routing.py:209: in merged_lifespan
    async with original_context(app) as maybe_original_state:
..\..\..\..\AppData\Local\Programs\Python\Python312\Lib\contextlib.py:210: in __aenter__
    return await anext(self.gen)
..\..\..\..\AppData\Local\Programs\Python\Python312\Lib\site-packages\fastapi\routing.py:209: in merged_lifespan
    async with original_context(app) as maybe_original_state:
..\..\..\..\AppData\Local\Programs\Python\Python312\Lib\contextlib.py:210: in __aenter__
    return await anext(self.gen)
..\..\..\..\AppData\Local\Programs\Python\Python312\Lib\site-packages\fastapi\routing.py:209: in merged_lifespan
    async with original_context(app) as maybe_original_state:
..\..\..\..\AppData\Local\Programs\Python\Python312\Lib\contextlib.py:210: in __aenter__
    return await anext(self.gen)
..\..\..\..\AppData\Local\Programs\Python\Python312\Lib\site-packages\fastapi\routing.py:209: in merged_lifespan
    async with original_context(app) as maybe_original_state:
..\..\..\..\AppData\Local\Programs\Python\Python312\Lib\contextlib.py:210: in __aenter__
    return await anext(self.gen)
..\..\..\..\AppData\Local\Programs\Python\Python312\Lib\site-packages\fastapi\routing.py:209: in merged_lifespan
    async with original_context(app) as maybe_original_state:
..\..\..\..\AppData\Local\Programs\Python\Python312\Lib\contextlib.py:210: in __aenter__
    return await anext(self.gen)
..\..\..\..\AppData\Local\Programs\Python\Python312\Lib\site-packages\fastapi\routing.py:209: in merged_lifespan
    async with original_context(app) as maybe_original_state:
..\..\..\..\AppData\Local\Programs\Python\Python312\Lib\contextlib.py:210: in __aenter__
    return await anext(self.gen)
..\..\..\..\AppData\Local\Programs\Python\Python312\Lib\site-packages\fastapi\routing.py:209: in merged_lifespan
    async with original_context(app) as maybe_original_state:
..\..\..\..\AppData\Local\Programs\Python\Python312\Lib\contextlib.py:210: in __aenter__
    return await anext(self.gen)
..\..\..\..\AppData\Local\Programs\Python\Python312\Lib\site-packages\fastapi\routing.py:209: in merged_lifespan
    async with original_context(app) as maybe_original_state:
..\..\..\..\AppData\Local\Programs\Python\Python312\Lib\contextlib.py:210: in __aenter__
    return await anext(self.gen)
..\..\..\..\AppData\Local\Programs\Python\Python312\Lib\site-packages\fastapi\routing.py:209: in merged_lifespan
    async with original_context(app) as maybe_original_state:
..\..\..\..\AppData\Local\Programs\Python\Python312\Lib\contextlib.py:210: in __aenter__
    return await anext(self.gen)
..\..\..\..\AppData\Local\Programs\Python\Python312\Lib\site-packages\fastapi\routing.py:209: in merged_lifespan
    async with original_context(app) as maybe_original_state:
..\..\..\..\AppData\Local\Programs\Python\Python312\Lib\contextlib.py:210: in __aenter__
    return await anext(self.gen)
..\..\..\..\AppData\Local\Programs\Python\Python312\Lib\site-packages\fastapi\routing.py:209: in merged_lifespan
    async with original_context(app) as maybe_original_state:
..\..\..\..\AppData\Local\Programs\Python\Python312\Lib\contextlib.py:210: in __aenter__
    return await anext(self.gen)
..\..\..\..\AppData\Local\Programs\Python\Python312\Lib\site-packages\fastapi\routing.py:209: in merged_lifespan
    async with original_context(app) as maybe_original_state:
..\..\..\..\AppData\Local\Programs\Python\Python312\Lib\contextlib.py:210: in __aenter__
    return await anext(self.gen)
..\..\..\..\AppData\Local\Programs\Python\Python312\Lib\site-packages\fastapi\routing.py:209: in merged_lifespan
    async with original_context(app) as maybe_original_state:
..\..\..\..\AppData\Local\Programs\Python\Python312\Lib\contextlib.py:210: in __aenter__
    return await anext(self.gen)
..\..\..\..\AppData\Local\Programs\Python\Python312\Lib\site-packages\fastapi\routing.py:209: in merged_lifespan
    async with original_context(app) as maybe_original_state:
..\..\..\..\AppData\Local\Programs\Python\Python312\Lib\contextlib.py:210: in __aenter__
    return await anext(self.gen)
..\..\..\..\AppData\Local\Programs\Python\Python312\Lib\site-packages\fastapi\routing.py:209: in merged_lifespan
    async with original_context(app) as maybe_original_state:
..\..\..\..\AppData\Local\Programs\Python\Python312\Lib\site-packages\starlette\routing.py:571: in __aenter__
    await self._router.startup()
..\..\..\..\AppData\Local\Programs\Python\Python312\Lib\site-packages\starlette\routing.py:671: in startup
    await handler()
app\main.py:119: in startup_event
    print("\U0001f680 Starting Hospital Queue Management System")
_ _ _ _ _ _ _ _ _ _ _ _ _ _ _ _ _ _ _ _ _ _ _ _ _ _ _ _ _ _ _ _ _ _ _ _ _ _ _ _

self = <encodings.cp1252.IncrementalEncoder object at 0x00000212CF7EBE60>
input = '\U0001f680 Starting Hospital Queue Management System', final = False

    def encode(self, input, final=False):
>       return codecs.charmap_encode(input,self.errors,encoding_table)[0]
E       UnicodeEncodeError: 'charmap' codec can't encode character '\U0001f680' in position 0: character maps to <undefined>

..\..\..\..\AppData\Local\Programs\Python\Python312\Lib\encodings\cp1252.py:19: UnicodeEncodeError
----------------------------- Captured log setup ------------------------------
INFO     app.routes.websocket_enhanced:websocket_enhanced.py:516 WebSocket heartbeat task started
============================== warnings summary ===============================
app\routes\auth.py:36
  C:\Users\armut\Documents\GitHub\1.1\backend\app\routes\auth.py:36: PydanticDeprecatedSince20: Support for class-based `config` is deprecated, use ConfigDict instead. Deprecated in Pydantic V2.0 to be removed in V3.0. See Pydantic V2 Migration Guide at https://errors.pydantic.dev/2.12/migration/
    class UserResponse(BaseModel):

app\routes\users.py:23
  C:\Users\armut\Documents\GitHub\1.1\backend\app\routes\users.py:23: PydanticDeprecatedSince20: Support for class-based `config` is deprecated, use ConfigDict instead. Deprecated in Pydantic V2.0 to be removed in V3.0. See Pydantic V2 Migration Guide at https://errors.pydantic.dev/2.12/migration/
    class UserResponse(BaseModel):

app\routes\emergency.py:24
  C:\Users\armut\Documents\GitHub\1.1\backend\app\routes\emergency.py:24: PydanticDeprecatedSince20: Support for class-based `config` is deprecated, use ConfigDict instead. Deprecated in Pydantic V2.0 to be removed in V3.0. See Pydantic V2 Migration Guide at https://errors.pydantic.dev/2.12/migration/
    class DispatchResponse(BaseModel):

app\routes\emergency.py:39
  C:\Users\armut\Documents\GitHub\1.1\backend\app\routes\emergency.py:39: PydanticDeprecatedSince20: Support for class-based `config` is deprecated, use ConfigDict instead. Deprecated in Pydantic V2.0 to be removed in V3.0. See Pydantic V2 Migration Guide at https://errors.pydantic.dev/2.12/migration/
    class DispatchStatusResponse(BaseModel):

app\routes\emergency.py:55
  C:\Users\armut\Documents\GitHub\1.1\backend\app\routes\emergency.py:55: PydanticDeprecatedSince20: Support for class-based `config` is deprecated, use ConfigDict instead. Deprecated in Pydantic V2.0 to be removed in V3.0. See Pydantic V2 Migration Guide at https://errors.pydantic.dev/2.12/migration/
    class PatientDispatchesResponse(BaseModel):

app\routes\websocket_enhanced.py:512
  C:\Users\armut\Documents\GitHub\1.1\backend\app\routes\websocket_enhanced.py:512: DeprecationWarning: 
          on_event is deprecated, use lifespan event handlers instead.
  
          Read more about it in the
          [FastAPI docs for Lifespan Events](https://fastapi.tiangolo.com/advanced/events/).
          
    @router.on_event("startup")

app\routes\analytics_dashboard.py:340
  C:\Users\armut\Documents\GitHub\1.1\backend\app\routes\analytics_dashboard.py:340: DeprecationWarning: `regex` has been deprecated, please use `pattern` instead
    format: str = Query("json", regex="^(json|csv)$"),

app\routes\prescriptions.py:56
  C:\Users\armut\Documents\GitHub\1.1\backend\app\routes\prescriptions.py:56: PydanticDeprecatedSince20: Support for class-based `config` is deprecated, use ConfigDict instead. Deprecated in Pydantic V2.0 to be removed in V3.0. See Pydantic V2 Migration Guide at https://errors.pydantic.dev/2.12/migration/
    class PrescriptionResponse(BaseModel):

app\routes\prescriptions.py:73
  C:\Users\armut\Documents\GitHub\1.1\backend\app\routes\prescriptions.py:73: PydanticDeprecatedSince20: Support for class-based `config` is deprecated, use ConfigDict instead. Deprecated in Pydantic V2.0 to be removed in V3.0. See Pydantic V2 Migration Guide at https://errors.pydantic.dev/2.12/migration/
    class MedicationResponse(BaseModel):

app\main.py:91
  C:\Users\armut\Documents\GitHub\1.1\backend\app\main.py:91: DeprecationWarning: 
          on_event is deprecated, use lifespan event handlers instead.
  
          Read more about it in the
          [FastAPI docs for Lifespan Events](https://fastapi.tiangolo.com/advanced/events/).
          
    @app.on_event("startup")

..\..\..\..\AppData\Local\Programs\Python\Python312\Lib\site-packages\fastapi\applications.py:4574
..\..\..\..\AppData\Local\Programs\Python\Python312\Lib\site-packages\fastapi\applications.py:4574
  C:\Users\armut\AppData\Local\Programs\Python\Python312\Lib\site-packages\fastapi\applications.py:4574: DeprecationWarning: 
          on_event is deprecated, use lifespan event handlers instead.
  
          Read more about it in the
          [FastAPI docs for Lifespan Events](https://fastapi.tiangolo.com/advanced/events/).
          
    return self.router.on_event(event_type)

app\main.py:133
  C:\Users\armut\Documents\GitHub\1.1\backend\app\main.py:133: DeprecationWarning: 
          on_event is deprecated, use lifespan event handlers instead.
  
          Read more about it in the
          [FastAPI docs for Lifespan Events](https://fastapi.tiangolo.com/advanced/events/).
          
    @app.on_event("shutdown")

tests/test_prescriptions.py::test_create_prescription_success
  C:\Users\armut\Documents\GitHub\1.1\backend\app\services\websocket_manager.py:419: DeprecationWarning: datetime.datetime.utcnow() is deprecated and scheduled for removal in a future version. Use timezone-aware objects to represent datetimes in UTC: datetime.datetime.now(datetime.UTC).
    now = datetime.utcnow()

tests/test_prescriptions.py::test_create_prescription_success
  C:\Users\armut\Documents\GitHub\1.1\backend\app\services\websocket_manager.py:444: DeprecationWarning: datetime.datetime.utcnow() is deprecated and scheduled for removal in a future version. Use timezone-aware objects to represent datetimes in UTC: datetime.datetime.now(datetime.UTC).
    "timestamp": datetime.utcnow().isoformat(),

-- Docs: https://docs.pytest.org/en/stable/how-to/capture-warnings.html
=========================== short test summary info ===========================
ERROR tests/test_prescriptions.py::test_create_prescription_success - Unicode...
!!!!!!!!!!!!!!!!!!!!!!!!!! stopping after 1 failures !!!!!!!!!!!!!!!!!!!!!!!!!!
======================== 15 warnings, 1 error in 1.63s ========================
